WARNING: Position μέλος της Βουλής των Αντιπροσώπων της Κύπρου (Q19801674) not in boundary associated_wikidata_positions
WARNING: the district Επαρχία Λευκωσίας (Q59147) wasn't found in the boundary data for position μέλος της Βουλής των Αντιπροσώπων της Κύπρου (Q19801674)
WARNING: the district Επαρχία Λευκωσίας (Q59147) wasn't found in the boundary data for position μέλος της Βουλής των Αντιπροσώπων της Κύπρου (Q19801674)
WARNING: the district Επαρχία Αμμοχώστου (Q59148) wasn't found in the boundary data for position μέλος της Βουλής των Αντιπροσώπων της Κύπρου (Q19801674)
WARNING: the district Επαρχία Λεμεσού (Q59150) wasn't found in the boundary data for position μέλος της Βουλής των Αντιπροσώπων της Κύπρου (Q19801674)
WARNING: the district Επαρχία Πάφου (Q59133) wasn't found in the boundary data for position μέλος της Βουλής των Αντιπροσώπων της Κύπρου (Q19801674)
WARNING: the district Επαρχία Αμμοχώστου (Q59148) wasn't found in the boundary data for position μέλος της Βουλής των Αντιπροσώπων της Κύπρου (Q19801674)
WARNING: the district Επαρχία Λευκωσίας (Q59147) wasn't found in the boundary data for position μέλος της Βουλής των Αντιπροσώπων της Κύπρου (Q19801674)
WARNING: the district Επαρχία Λευκωσίας (Q59147) wasn't found in the boundary data for position μέλος της Βουλής των Αντιπροσώπων της Κύπρου (Q19801674)
WARNING: the district Επαρχία Λευκωσίας (Q59147) wasn't found in the boundary data for position μέλος της Βουλής των Αντιπροσώπων της Κύπρου (Q19801674)
WARNING: the district Επαρχία Λεμεσού (Q59150) wasn't found in the boundary data for position μέλος της Βουλής των Αντιπροσώπων της Κύπρου (Q19801674)
WARNING: the district Επαρχία Λεμεσού (Q59150) wasn't found in the boundary data for position μέλος της Βουλής των Αντιπροσώπων της Κύπρου (Q19801674)
WARNING: the district Επαρχία Λευκωσίας (Q59147) wasn't found in the boundary data for position μέλος της Βουλής των Αντιπροσώπων της Κύπρου (Q19801674)
WARNING: the district Επαρχία Λάρνακας (Q59153) wasn't found in the boundary data for position μέλος της Βουλής των Αντιπροσώπων της Κύπρου (Q19801674)
WARNING: the district Επαρχία Λευκωσίας (Q59147) wasn't found in the boundary data for position μέλος της Βουλής των Αντιπροσώπων της Κύπρου (Q19801674)
WARNING: the district Επαρχία Αμμοχώστου (Q59148) wasn't found in the boundary data for position μέλος της Βουλής των Αντιπροσώπων της Κύπρου (Q19801674)
WARNING: the district Επαρχία Λευκωσίας (Q59147) wasn't found in the boundary data for position μέλος της Βουλής των Αντιπροσώπων της Κύπρου (Q19801674)
WARNING: the district Επαρχία Αμμοχώστου (Q59148) wasn't found in the boundary data for position μέλος της Βουλής των Αντιπροσώπων της Κύπρου (Q19801674)
WARNING: the district Επαρχία Λευκωσίας (Q59147) wasn't found in the boundary data for position μέλος της Βουλής των Αντιπροσώπων της Κύπρου (Q19801674)
WARNING: the district Επαρχία Αμμοχώστου (Q59148) wasn't found in the boundary data for position μέλος της Βουλής των Αντιπροσώπων της Κύπρου (Q19801674)
WARNING: the district Επαρχία Λεμεσού (Q59150) wasn't found in the boundary data for position μέλος της Βουλής των Αντιπροσώπων της Κύπρου (Q19801674)
WARNING: the district Λεμεσός (Q185632) wasn't found in the boundary data for position μέλος της Βουλής των Αντιπροσώπων της Κύπρου (Q19801674)
WARNING: the district Επαρχία Λεμεσού (Q59150) wasn't found in the boundary data for position μέλος της Βουλής των Αντιπροσώπων της Κύπρου (Q19801674)
WARNING: the district Επαρχία Λεμεσού (Q59150) wasn't found in the boundary data for position μέλος της Βουλής των Αντιπροσώπων της Κύπρου (Q19801674)
WARNING: the district Επαρχία Αμμοχώστου (Q59148) wasn't found in the boundary data for position μέλος της Βουλής των Αντιπροσώπων της Κύπρου (Q19801674)
WARNING: the district Επαρχία Λευκωσίας (Q59147) wasn't found in the boundary data for position μέλος της Βουλής των Αντιπροσώπων της Κύπρου (Q19801674)
WARNING: the district Επαρχία Λευκωσίας (Q59147) wasn't found in the boundary data for position μέλος της Βουλής των Αντιπροσώπων της Κύπρου (Q19801674)
WARNING: the district Επαρχία Λεμεσού (Q59150) wasn't found in the boundary data for position μέλος της Βουλής των Αντιπροσώπων της Κύπρου (Q19801674)
WARNING: the district Επαρχία Λάρνακας (Q59153) wasn't found in the boundary data for position μέλος της Βουλής των Αντιπροσώπων της Κύπρου (Q19801674)
WARNING: the district Επαρχία Λευκωσίας (Q59147) wasn't found in the boundary data for position μέλος της Βουλής των Αντιπροσώπων της Κύπρου (Q19801674)
WARNING: the district Επαρχία Λεμεσού (Q59150) wasn't found in the boundary data for position μέλος της Βουλής των Αντιπροσώπων της Κύπρου (Q19801674)
WARNING: the district Επαρχία Λεμεσού (Q59150) wasn't found in the boundary data for position μέλος της Βουλής των Αντιπροσώπων της Κύπρου (Q19801674)
WARNING: the district Επαρχία Λευκωσίας (Q59147) wasn't found in the boundary data for position μέλος της Βουλής των Αντιπροσώπων της Κύπρου (Q19801674)
WARNING: the district Επαρχία Λεμεσού (Q59150) wasn't found in the boundary data for position μέλος της Βουλής των Αντιπροσώπων της Κύπρου (Q19801674)
WARNING: the district Επαρχία Λευκωσίας (Q59147) wasn't found in the boundary data for position μέλος της Βουλής των Αντιπροσώπων της Κύπρου (Q19801674)
WARNING: the district Επαρχία Κερύνειας (Q59146) wasn't found in the boundary data for position μέλος της Βουλής των Αντιπροσώπων της Κύπρου (Q19801674)
WARNING: the district Επαρχία Λευκωσίας (Q59147) wasn't found in the boundary data for position μέλος της Βουλής των Αντιπροσώπων της Κύπρου (Q19801674)
WARNING: the district Επαρχία Λευκωσίας (Q59147) wasn't found in the boundary data for position μέλος της Βουλής των Αντιπροσώπων της Κύπρου (Q19801674)
WARNING: the district Επαρχία Λεμεσού (Q59150) wasn't found in the boundary data for position μέλος της Βουλής των Αντιπροσώπων της Κύπρου (Q19801674)
WARNING: the district Επαρχία Λεμεσού (Q59150) wasn't found in the boundary data for position μέλος της Βουλής των Αντιπροσώπων της Κύπρου (Q19801674)
WARNING: the district Επαρχία Λεμεσού (Q59150) wasn't found in the boundary data for position μέλος της Βουλής των Αντιπροσώπων της Κύπρου (Q19801674)
WARNING: the district Επαρχία Λευκωσίας (Q59147) wasn't found in the boundary data for position μέλος της Βουλής των Αντιπροσώπων της Κύπρου (Q19801674)
WARNING: the district Επαρχία Λευκωσίας (Q59147) wasn't found in the boundary data for position μέλος της Βουλής των Αντιπροσώπων της Κύπρου (Q19801674)
WARNING: the district Επαρχία Λευκωσίας (Q59147) wasn't found in the boundary data for position μέλος της Βουλής των Αντιπροσώπων της Κύπρου (Q19801674)
WARNING: the district Επαρχία Πάφου (Q59133) wasn't found in the boundary data for position μέλος της Βουλής των Αντιπροσώπων της Κύπρου (Q19801674)
WARNING: the district Επαρχία Κερύνειας (Q59146) wasn't found in the boundary data for position μέλος της Βουλής των Αντιπροσώπων της Κύπρου (Q19801674)
